---
source: tests/info_snapshots.rs
expression: json
---
{
  "contexts": [],
  "facets": {
    "ci": {
      "is_ci": false
    }
  },
  "meta": {
    "schema_version": "0.2.0"
  },
  "traits": {
    "color_level": "ansi256",
    "is_ci": false,
    "is_interactive": true,
    "is_piped_stdin": false,
    "is_piped_stdout": false,
    "is_tty_stderr": true,
    "is_tty_stdin": true,
    "is_tty_stdout": true,
    "supports_hyperlinks": false
  }
}
